configs=2929319 enumerate=0.313401s
index=2929319 time=0.409466s
  board 262144/2929319  board 524288/2929319  board 786432/2929319  board 1048576/2929319  board 1310720/2929319  board 1572864/2929319  board 1835008/2929319  board 2097152/2929319  board 2359296/2929319  board 2621440/2929319  board 2883584/2929319
board tables time=1.77946s
symmetry time=1.71046s
  trans 262144/2929319  trans 524288/2929319  trans 786432/2929319  trans 1048576/2929319  trans 1310720/2929319  trans 1572864/2929319  trans 1835008/2929319  trans 2097152/2929319  trans 2359296/2929319  trans 2621440/2929319  trans 2883584/2929319
transitions=24832956 time=1.45522s
dense_tables~726.1MiB total_precompute=5.78256s
root[0] move=P(7,1) score=123
root[1] move=H(0,0) score=18
root[2] move=H(0,1) score=18
root[3] move=H(1,0) score=18
root[4] move=H(1,1) score=18
root[5] move=H(2,0) score=18
root[6] move=H(2,1) score=18
root[7] move=H(3,0) score=18
root[8] move=H(3,1) score=18
root[9] move=H(4,0) score=18
root[10] move=H(4,1) score=18
root[11] move=H(5,0) score=18
root[12] move=H(5,1) score=18
root[13] move=H(6,0) score=18
root[14] move=H(6,1) score=18
root[15] move=H(7,0) score=18
root[16] move=H(7,1) score=18
root[17] move=P(8,0) score=0
root[18] move=P(8,2) score=0
root[19] move=V(0,0) score=-7
root[20] move=V(0,1) score=-7
root[21] move=V(1,0) score=-7
root[22] move=V(1,1) score=-7
root[23] move=V(2,0) score=-7
root[24] move=V(2,1) score=-7
root[25] move=V(3,0) score=-7
root[26] move=V(3,1) score=-7
root[27] move=V(4,0) score=-7
root[28] move=V(4,1) score=-7
root[29] move=V(5,0) score=-7
root[30] move=V(5,1) score=-7
root[31] move=V(6,0) score=-7
root[32] move=V(6,1) score=-7
root[33] move=V(7,0) score=-7
root[34] move=V(7,1) score=-7
forcing root[0] move=P(7,1)
parallel children raw=35 unique=18 jobs=3 depth=33 warm=31
TT=256.0MiB
TT=256.0MiB
TT=256.0MiB
depth=31 target=1 proven=1 nodes=110454842 total=110454842 elapsed=21.9773s tt_hits=51276020
TT=256.0MiB
depth=31 target=1 proven=1 nodes=235344184 total=235344184 elapsed=49.6968s tt_hits=108405515
TT=256.0MiB
depth=31 target=1 proven=1 nodes=581488662 total=581488662 elapsed=123.18s tt_hits=264046859
TT=256.0MiB
depth=31 target=1 proven=1 nodes=342081572 total=342081572 elapsed=70.7194s tt_hits=153652259
TT=256.0MiB
depth=31 target=1 proven=1 nodes=114049256 total=114049256 elapsed=23.1026s tt_hits=51007760
TT=256.0MiB
depth=31 target=1 proven=1 nodes=260766317 total=260766317 elapsed=51.6075s tt_hits=116618103
TT=256.0MiB
depth=31 target=1 proven=1 nodes=99908107 total=99908107 elapsed=20.9277s tt_hits=46070556
TT=256.0MiB
depth=31 target=1 proven=0 nodes=974412539 total=974412539 elapsed=208.124s tt_hits=410558823
depth=31 target=1 proven=1 nodes=165932536 total=165932536 elapsed=33.0395s tt_hits=74012243
TT=256.0MiB
depth=31 target=1 proven=1 nodes=41788755 total=41788755 elapsed=8.42936s tt_hits=19271598
TT=256.0MiB
depth=31 target=1 proven=1 nodes=158944835 total=158944835 elapsed=32.9186s tt_hits=73031647
TT=256.0MiB
depth=31 target=1 proven=1 nodes=83358565 total=83358565 elapsed=17.4021s tt_hits=38397268
TT=256.0MiB
depth=31 target=1 proven=1 nodes=105273418 total=105273418 elapsed=21.5933s tt_hits=47315728
TT=256.0MiB
depth=31 target=1 proven=1 nodes=80690196 total=80690196 elapsed=16.4214s tt_hits=36627173
TT=256.0MiB
depth=31 target=1 proven=1 nodes=104582954 total=104582954 elapsed=22.3605s tt_hits=47130285
TT=256.0MiB
depth=33 target=1 proven=1 nodes=777433602 total=1751846141 elapsed=369.011s tt_hits=774444832
TT=256.0MiB
depth=31 target=1 proven=1 nodes=217146861 total=217146861 elapsed=46.141s tt_hits=98484705
depth=31 target=1 proven=1 nodes=331119142 total=331119142 elapsed=69.8149s tt_hits=151265588
depth=31 target=1 proven=1 nodes=2514031626 total=2514031626 elapsed=523.305s tt_hits=1129182593
	Command being timed: "/mnt/data/frontier_solver_v19 --width 3 --height 9 --walls 9 --root-index 0 --target 1 --parallel-second --jobs 3 --child-depth 33 --seconds 900 --tt-bits 24 --order 1"
	User time (seconds): 1526.98
	System time (seconds): 1.47
	Percent of CPU this job got: 217%
	Elapsed (wall clock) time (h:mm:ss or m:ss): 11:44.32
	Average shared text size (kbytes): 0
	Average unshared data size (kbytes): 0
	Average stack size (kbytes): 0
	Average total size (kbytes): 0
	Maximum resident set size (kbytes): 1099596
	Average resident set size (kbytes): 0
	Major (requiring I/O) page faults: 0
	Minor (reclaiming a frame) page faults: 1441044
	Voluntary context switches: 37
	Involuntary context switches: 3101
	Swaps: 0
	File system inputs: 0
	File system outputs: 176
	Socket messages sent: 0
	Socket messages received: 0
	Signals delivered: 0
	Page size (bytes): 4096
	Exit status: 0
