qcert aggregate verifier: part 1/18 H00
qcert aggregate verifier: part 2/18 H10
qcert sqlite verifier: indexed nodes 5,000,000
qcert sqlite verifier: verified nodes 5,000,000
qcert aggregate verifier: part 3/18 H20
qcert sqlite verifier: indexed nodes 5,000,000
qcert sqlite verifier: indexed nodes 10,000,000
qcert sqlite verifier: verified nodes 5,000,000
qcert sqlite verifier: verified nodes 10,000,000
qcert aggregate verifier: part 4/18 H30
qcert aggregate verifier: part 5/18 H40
qcert sqlite verifier: indexed nodes 5,000,000
qcert sqlite verifier: verified nodes 5,000,000
qcert aggregate verifier: part 6/18 H50
qcert sqlite verifier: indexed nodes 5,000,000
qcert sqlite verifier: verified nodes 5,000,000
qcert aggregate verifier: part 7/18 H60
qcert sqlite verifier: indexed nodes 5,000,000
qcert sqlite verifier: verified nodes 5,000,000
qcert aggregate verifier: part 8/18 H70
qcert sqlite verifier: indexed nodes 5,000,000
qcert sqlite verifier: verified nodes 5,000,000
qcert aggregate verifier: part 9/18 P00
qcert sqlite verifier: indexed nodes 5,000,000
qcert sqlite verifier: indexed nodes 10,000,000
qcert sqlite verifier: indexed nodes 15,000,000
qcert sqlite verifier: indexed nodes 20,000,000
qcert sqlite verifier: indexed nodes 25,000,000
qcert sqlite verifier: indexed nodes 30,000,000
qcert sqlite verifier: indexed nodes 35,000,000
qcert sqlite verifier: indexed nodes 40,000,000
qcert sqlite verifier: indexed nodes 45,000,000
qcert sqlite verifier: indexed nodes 50,000,000
qcert sqlite verifier: indexed nodes 55,000,000
qcert sqlite verifier: indexed nodes 60,000,000
qcert sqlite verifier: verified nodes 5,000,000
qcert sqlite verifier: verified nodes 10,000,000
qcert sqlite verifier: verified nodes 15,000,000
qcert sqlite verifier: verified nodes 20,000,000
qcert sqlite verifier: verified nodes 25,000,000
qcert sqlite verifier: verified nodes 30,000,000
qcert sqlite verifier: verified nodes 35,000,000
qcert sqlite verifier: verified nodes 40,000,000
qcert sqlite verifier: verified nodes 45,000,000
qcert sqlite verifier: verified nodes 50,000,000
qcert sqlite verifier: verified nodes 55,000,000
qcert sqlite verifier: verified nodes 60,000,000
qcert aggregate verifier: part 10/18 P11
qcert sqlite verifier: indexed nodes 5,000,000
qcert sqlite verifier: indexed nodes 10,000,000
qcert sqlite verifier: indexed nodes 15,000,000
qcert sqlite verifier: indexed nodes 20,000,000
qcert sqlite verifier: indexed nodes 25,000,000
qcert sqlite verifier: indexed nodes 30,000,000
qcert sqlite verifier: indexed nodes 35,000,000
qcert sqlite verifier: indexed nodes 40,000,000
qcert sqlite verifier: indexed nodes 45,000,000
qcert sqlite verifier: indexed nodes 50,000,000
qcert sqlite verifier: indexed nodes 55,000,000
qcert sqlite verifier: indexed nodes 60,000,000
qcert sqlite verifier: indexed nodes 65,000,000
qcert sqlite verifier: indexed nodes 70,000,000
qcert sqlite verifier: indexed nodes 75,000,000
qcert sqlite verifier: indexed nodes 80,000,000
qcert sqlite verifier: indexed nodes 85,000,000
qcert sqlite verifier: indexed nodes 90,000,000
qcert sqlite verifier: indexed nodes 95,000,000
qcert sqlite verifier: verified nodes 5,000,000
qcert sqlite verifier: verified nodes 10,000,000
qcert sqlite verifier: verified nodes 15,000,000
qcert sqlite verifier: verified nodes 20,000,000
qcert sqlite verifier: verified nodes 25,000,000
qcert sqlite verifier: verified nodes 30,000,000
qcert sqlite verifier: verified nodes 35,000,000
qcert sqlite verifier: verified nodes 40,000,000
qcert sqlite verifier: verified nodes 45,000,000
qcert sqlite verifier: verified nodes 50,000,000
qcert sqlite verifier: verified nodes 55,000,000
qcert sqlite verifier: verified nodes 60,000,000
qcert sqlite verifier: verified nodes 65,000,000
qcert sqlite verifier: verified nodes 70,000,000
qcert sqlite verifier: verified nodes 75,000,000
qcert sqlite verifier: verified nodes 80,000,000
qcert sqlite verifier: verified nodes 85,000,000
qcert sqlite verifier: verified nodes 90,000,000
qcert sqlite verifier: verified nodes 95,000,000
qcert aggregate verifier: part 11/18 V00
qcert sqlite verifier: indexed nodes 5,000,000
qcert sqlite verifier: indexed nodes 10,000,000
qcert sqlite verifier: verified nodes 5,000,000
qcert sqlite verifier: verified nodes 10,000,000
qcert aggregate verifier: part 12/18 V10
qcert sqlite verifier: indexed nodes 5,000,000
qcert sqlite verifier: verified nodes 5,000,000
qcert aggregate verifier: part 13/18 V20
qcert sqlite verifier: indexed nodes 5,000,000
qcert sqlite verifier: verified nodes 5,000,000
qcert aggregate verifier: part 14/18 V30
qcert sqlite verifier: indexed nodes 5,000,000
qcert sqlite verifier: verified nodes 5,000,000
qcert aggregate verifier: part 15/18 V40
qcert sqlite verifier: indexed nodes 5,000,000
qcert sqlite verifier: verified nodes 5,000,000
qcert aggregate verifier: part 16/18 V50
qcert sqlite verifier: indexed nodes 5,000,000
qcert sqlite verifier: verified nodes 5,000,000
qcert aggregate verifier: part 17/18 V60
qcert sqlite verifier: indexed nodes 5,000,000
qcert sqlite verifier: verified nodes 5,000,000
qcert aggregate verifier: part 18/18 V70
qcert sqlite verifier: indexed nodes 5,000,000
qcert sqlite verifier: indexed nodes 10,000,000
qcert sqlite verifier: verified nodes 5,000,000
qcert sqlite verifier: verified nodes 10,000,000
