configs=2929319 enumerate=0.323467s
index=2929319 time=0.423673s
  board 262144/2929319  board 524288/2929319  board 786432/2929319  board 1048576/2929319  board 1310720/2929319  board 1572864/2929319  board 1835008/2929319  board 2097152/2929319  board 2359296/2929319  board 2621440/2929319  board 2883584/2929319
board tables time=1.83897s
symmetry time=1.92192s
  trans 262144/2929319  trans 524288/2929319  trans 786432/2929319  trans 1048576/2929319  trans 1310720/2929319  trans 1572864/2929319  trans 1835008/2929319  trans 2097152/2929319  trans 2359296/2929319  trans 2621440/2929319  trans 2883584/2929319
transitions=24832956 time=1.56894s
dense_tables~726.1MiB total_precompute=6.20374s
root[0] move=P(7,1) score=123
root[1] move=H(0,0) score=18
root[2] move=H(0,1) score=18
root[3] move=H(1,0) score=18
root[4] move=H(1,1) score=18
root[5] move=H(2,0) score=18
root[6] move=H(2,1) score=18
root[7] move=H(3,0) score=18
root[8] move=H(3,1) score=18
root[9] move=H(4,0) score=18
root[10] move=H(4,1) score=18
root[11] move=H(5,0) score=18
root[12] move=H(5,1) score=18
root[13] move=H(6,0) score=18
root[14] move=H(6,1) score=18
root[15] move=H(7,0) score=18
root[16] move=H(7,1) score=18
root[17] move=P(8,0) score=0
root[18] move=P(8,2) score=0
root[19] move=V(0,0) score=-7
root[20] move=V(0,1) score=-7
root[21] move=V(1,0) score=-7
root[22] move=V(1,1) score=-7
root[23] move=V(2,0) score=-7
root[24] move=V(2,1) score=-7
root[25] move=V(3,0) score=-7
root[26] move=V(3,1) score=-7
root[27] move=V(4,0) score=-7
root[28] move=V(4,1) score=-7
root[29] move=V(5,0) score=-7
root[30] move=V(5,1) score=-7
root[31] move=V(6,0) score=-7
root[32] move=V(6,1) score=-7
root[33] move=V(7,0) score=-7
root[34] move=V(7,1) score=-7
forcing root[0] move=P(7,1)
parallel children raw=35 unique=18 jobs=3 depth=1 warm=1
TT=16.0KiB
depth=1 target=1 proven=0 nodes=1 total=1 elapsed=1.9499e-05s tt_hits=0
TT=16.0KiB
depth=1 target=1 proven=0 nodes=1 total=1 elapsed=2.3806e-05s tt_hits=0
TT=16.0KiB
depth=1 target=1 proven=0 nodes=1 total=1 elapsed=1.8687e-05s tt_hits=0
TT=16.0KiB
depth=1 target=1 proven=0 nodes=1 total=1 elapsed=1.2779e-05s tt_hits=0
TT=16.0KiB
depth=1 target=1 proven=0 nodes=1 total=1 elapsed=1.2719e-05s tt_hits=0
TT=16.0KiB
depth=1 target=1 proven=0 nodes=1 total=1 elapsed=1.0886e-05s tt_hits=0
TT=16.0KiB
depth=1 target=1 proven=0 nodes=1 total=1 elapsed=9.424e-06s tt_hits=0
TT=16.0KiB
depth=1 target=1 proven=0 nodes=1 total=1 elapsed=1.0455e-05s tt_hits=0
TT=16.0KiB
depth=1 target=1 proven=0 nodes=1 total=1 elapsed=9.514e-06s tt_hits=0
TT=16.0KiB
depth=1 target=1 proven=0 nodes=1 total=1 elapsed=1.4592e-05s tt_hits=0
TT=16.0KiB
depth=1 target=1 proven=0 nodes=1 total=1 elapsed=1.382e-05s tt_hits=0
TT=16.0KiB
depth=1 target=1 proven=0 nodes=1 total=1 elapsed=1.0986e-05s tt_hits=0
TT=16.0KiB
depth=1 target=1 proven=0 nodes=1 total=1 elapsed=1.0416e-05s tt_hits=0
TT=16.0KiB
depth=1 target=1 proven=0 nodes=1 total=1 elapsed=1.0596e-05s tt_hits=0
TT=16.0KiB
depth=1 target=1 proven=0 nodes=1 total=1 elapsed=1.0415e-05s tt_hits=0
TT=16.0KiB
depth=1 target=1 proven=0 nodes=1 total=1 elapsed=1.333e-05s tt_hits=0
TT=16.0KiB
depth=1 target=1 proven=0 nodes=1 total=1 elapsed=1.0505e-05s tt_hits=0
TT=16.0KiB
depth=1 target=1 proven=0 nodes=1 total=1 elapsed=2.9864e-05s tt_hits=0
